C51 COMPILER V9.54   KEYBOARD                                                              12/02/2023 21:51:44 PAGE 1   


C51 COMPILER V9.54, COMPILATION OF MODULE KEYBOARD
OBJECT MODULE PLACED IN .\Objects\keyboard.obj
COMPILER INVOKED BY: C:\Keil_v5\C51\BIN\C51.EXE keyboard.c OPTIMIZE(8,SPEED) BROWSE DEBUG OBJECTEXTEND PRINT(.\Listings\
                    -keyboard.lst) TABS(2) OBJECT(.\Objects\keyboard.obj)

line level    source

   1          #include "keyboard.h"
   2          unsigned char code key_board_table[16]="123+456-789*0.=/";
   3          unsigned char dep_table[8]="dc#$%&()";
   4          void key_delay(unsigned int times)
   5          {
   6   1        unsigned int i,j;
   7   1        for(i=0;i<times;i++)
   8   1          for(j=0;j<112;j++);
   9   1      }
  10          unsigned char key_getvalue()
  11          {
  12   1        unsigned char sum=0;
  13   1        
  14   1        
  15   1        KEY=0xff;
  16   1        if(KEY!=0xff)
  17   1        {
  18   2          key_delay(20);
  19   2          if(KEY!=0xff) switch(KEY)
  20   2          {
  21   3            case 0xfe:
  22   3            {
  23   4              while(KEY!=0xff);return dep_table[0];
  24   4            }
  25   3            case 0xfd:
  26   3            {
  27   4              while(KEY!=0xff);return dep_table[1];
  28   4            }
  29   3            case 0xfb:
  30   3            {
  31   4              while(KEY!=0xff);return dep_table[2];
  32   4            }
  33   3            case 0xf7:
  34   3            {
  35   4              while(KEY!=0xff);return dep_table[3];
  36   4            }
  37   3            default:return 255;
  38   3          }
  39   2        }
  40   1      
  41   1        KEY=0xf0;//列4行4
  42   1        if(KEY!=0xf0){
  43   2          key_delay(20);
  44   2        if(KEY!=0xf0)
  45   2        {
  46   3          switch(KEY)//列扫描
  47   3          {
  48   4            case 0xe0:sum=1;break;
  49   4            case 0xd0:sum=2;break;
  50   4            case 0xb0:sum=3;break;
  51   4            case 0x70:sum=4;break;
  52   4          }
  53   3          KEY=0x0f;
  54   3          switch(KEY)//行扫描
C51 COMPILER V9.54   KEYBOARD                                                              12/02/2023 21:51:44 PAGE 2   

  55   3          {
  56   4            case 0x0e:sum=sum;break;
  57   4            case 0x0d:sum=sum+4;break;
  58   4            case 0x0b:sum=sum+8;break;
  59   4            case 0x07:sum=sum+12;break;     
  60   4          }
  61   3          while(KEY!=0x0f);
  62   3          return key_board_table[sum-1];
  63   3        }}
  64   1        else return 255;
  65   1      }
*** WARNING C291 IN LINE 65 OF keyboard.c: not every exit path returns a value


MODULE INFORMATION:   STATIC OVERLAYABLE
   CODE SIZE        =    223    ----
   CONSTANT SIZE    =     16    ----
   XDATA SIZE       =   ----    ----
   PDATA SIZE       =   ----    ----
   DATA SIZE        =      8       1
   IDATA SIZE       =   ----    ----
   BIT SIZE         =   ----    ----
END OF MODULE INFORMATION.


C51 COMPILATION COMPLETE.  1 WARNING(S),  0 ERROR(S)
